// Jest Snapshot v1, https://goo.gl/fbAQLP

exports[`snapshot matched 1`] = `[Function]`;
